****************
Platform: EVM
Code:0x60 0x61 0x50 
Disasm:
0x80001000:	push1	61
	Push:    1
	Gas fee: 3
	Groups: stack_write 
0x80001002:	pop	
	Pop:     1
	Gas fee: 2
	Groups: stack_read 
0x80001003:

